// Jest Snapshot v1, https://goo.gl/fbAQLP

exports[`Pruebas en componente LoginScreen Debe mostrar el componente correctamente 1`] = `
Array [
  <h3
    className="auth__title"
  >
    LoginScreen
  </h3>,
  <form
    onSubmit={[Function]}
  >
    <input
      autoComplete="off"
      className="auth__input"
      name="correo"
      onChange={[Function]}
      placeholder="Email"
      type="text"
      value="pruebaMartin@hotmail.com"
    />
    <input
      className="auth__input"
      name="contrasena"
      onChange={[Function]}
      placeholder="Password"
      type="password"
      value="12nj3nh4"
    />
    <button
      className="btn btn-primario btn-bloque mt-1"
      disabled={false}
      type="submit"
    >
      Login
    </button>
  </form>,
  <div
    className="auth__social-networks"
  >
    <div
      className="google-btn"
      onClick={[Function]}
    >
      <div
        className="google-icon-wrapper"
      >
        <img
          alt="google button"
          className="google-icon"
          src="https://upload.wikimedia.org/wikipedia/commons/5/53/Google_%22G%22_Logo.svg"
        />
      </div>
      <p
        className="btn-text"
      >
        <b>
          Sign in with google
        </b>
      </p>
    </div>
  </div>,
  <a
    className="auth__new-count"
    href="/auth/register"
    onClick={[Function]}
  >
     Create new count
  </a>,
]
`;
